// Jest Snapshot v1, https://goo.gl/fbAQLP

exports[`App.vue should match snapshot 1`] = `
<div
  id="app"
>
  <nav
    class="navbar is-light"
    role="navigation"
  >
    <div
      class="navbar-brand"
    >
      <a
        class="navbar-item"
        href="/"
      >
        <h1
          class="title is-5"
        >
          Drinkin games
        </h1>
      </a>
       
      <a
        class="navbar-burger is-light"
        role="button"
      >
        <span />
         
        <span />
         
        <span />
      </a>
    </div>
     
    <div
      class="navbar-menu"
    >
      <div
        class="navbar-start"
      />
       
      <div
        class="navbar-end"
      />
    </div>
  </nav>
   
  <div
    class="columns"
  >
    <div
      class="column is-narrow"
    >
      <aside
        class="menu"
      >
        <p
          class="menu-label"
        >
          
    General
  
        </p>
         
        <ul
          class="menu-list"
        >
          <li>
            <a>
              Dashboard
            </a>
          </li>
           
          <li>
            <a>
              Customers
            </a>
          </li>
        </ul>
         
        <p
          class="menu-label"
        >
          
    Administration
  
        </p>
         
        <ul
          class="menu-list"
        >
          <li>
            <a>
              Team Settings
            </a>
          </li>
           
          <li>
            <a
              class="is-active"
            >
              Manage Your Team
            </a>
             
            <ul>
              <li>
                <a>
                  Members
                </a>
              </li>
               
              <li>
                <a>
                  Plugins
                </a>
              </li>
               
              <li>
                <a>
                  Add a member
                </a>
              </li>
            </ul>
          </li>
           
          <li>
            <a>
              Invitations
            </a>
          </li>
           
          <li>
            <a>
              Cloud Storage Environment Settings
            </a>
          </li>
           
          <li>
            <a>
              Authentication
            </a>
          </li>
        </ul>
         
        <p
          class="menu-label"
        >
          
    Transactions
  
        </p>
         
        <ul
          class="menu-list"
        >
          <li>
            <a>
              Payments
            </a>
          </li>
           
          <li>
            <a>
              Transfers
            </a>
          </li>
           
          <li>
            <a>
              Balance
            </a>
          </li>
        </ul>
      </aside>
    </div>
     
    <div
      class="column router-view"
    >
      <div
        class="home"
      >
        
  Home

      </div>
    </div>
  </div>
</div>
`;
