// Jest Snapshot v1, https://goo.gl/fbAQLP

exports[`App.vue should match snapshot 1`] = `
<div
  id="app"
>
  <div>
    <div
      class="container"
    >
      <section
        class="section"
      >
        <div
          class="columns is-centered"
        >
          <div
            class="column is-4"
          >
            <h2
              class="title"
            >
              Sign in
            </h2>
             
            <form>
              <div
                class="field"
              >
                <label
                  class="label"
                >
                  
            Email
        
                </label>
                 
                <div
                  class="control has-icons-left is-clearfix"
                >
                  <input
                    autocomplete="on"
                    class="input"
                    placeholder="Email"
                    required="required"
                    type="email"
                  />
                   
                  <span
                    class="icon is-left"
                  >
                    <i
                      class="fa fa-user fa-lg"
                    />
                  </span>
                   
                  <!---->
                   
                  <!---->
                </div>
                 
                <!---->
              </div>
               
              <div
                class="field"
              >
                <label
                  class="label"
                >
                  
            Password
        
                </label>
                 
                <div
                  class="control has-icons-left has-icons-right is-clearfix"
                >
                  <input
                    autocomplete="on"
                    class="input"
                    placeholder="Password"
                    required="required"
                    type="password"
                  />
                   
                  <span
                    class="icon is-left"
                  >
                    <i
                      class="fa fa-lock fa-lg"
                    />
                  </span>
                   
                  <span
                    class="icon is-right has-text-primary is-clickable"
                  >
                    <i
                      class="fa fa-eye fa-lg"
                    />
                  </span>
                   
                  <!---->
                </div>
                 
                <!---->
              </div>
               
              <div
                class="field is-grouped"
              >
                <p
                  class="control is-expanded"
                >
                  <button
                    class="button is-primary is-fullwidth"
                  >
                    Sign in
                  </button>
                </p>
                 
                <p
                  class="control is-expanded"
                >
                  <button
                    class="button is-text is-fullwidth"
                    type="button"
                  >
                    
              Sign up
            
                  </button>
                </p>
              </div>
            </form>
          </div>
        </div>
         
        <div
          class="columns is-centered"
        >
          <div
            class="column is-4 has-text-centered"
          >
            <p>
              Click 
              <a>
                here
              </a>
               to continue without an account.
            </p>
          </div>
        </div>
      </section>
    </div>
  </div>
</div>
`;
